exports[`<ErrorPage /> renders correctly 1`] = `
<View
  style={
    Object {
      "backgroundColor": "#313234",
      "flex": 1,
      "paddingTop": 20,
    }
  }>
  <Text
    accessible={true}
    allowFontScaling={true}
    ellipsizeMode="tail"
    style={
      Array [
        Object {
          "color": "#fff",
          "fontFamily": "Raleway-Medium",
          "fontSize": 14,
          "lineHeight": 22,
          "textAlign": "center",
        },
        Object {
          "fontSize": 28,
        },
      ]
    }>
    Box! Box! Box!
  </Text>
  <Text
    accessible={true}
    allowFontScaling={true}
    ellipsizeMode="tail"
    style={
      Array [
        Object {
          "color": "#fff",
          "fontFamily": "Raleway-Medium",
          "fontSize": 14,
          "lineHeight": 22,
          "textAlign": "center",
        },
        Object {
          "fontSize": 28,
        },
      ]
    }>
    Our pit crew changes something.
  </Text>
  <Image
    source={1}
    style={
      Object {
        "alignItems": "center",
        "flex": 1,
        "justifyContent": "center",
        "position": "relative",
        "resizeMode": "contain",
        "width": null,
      }
    } />
</View>
`;
