exports[`<HomeHeader /> renders correctly 1`] = `
<View
  style={
    Object {
      "alignItems": "center",
      "backgroundColor": "#202930",
      "flexDirection": "row",
      "overflow": "hidden",
      "paddingTop": 20,
    }
  }>
  <View
    accessibilityComponentType={undefined}
    accessibilityLabel={undefined}
    accessibilityTraits={undefined}
    accessible={true}
    hasTVPreferredFocus={undefined}
    hitSlop={undefined}
    isTVSelectable={true}
    onLayout={undefined}
    onResponderGrant={[Function]}
    onResponderMove={[Function]}
    onResponderRelease={[Function]}
    onResponderTerminate={[Function]}
    onResponderTerminationRequest={[Function]}
    onStartShouldSetResponder={[Function]}
    style={
      Array [
        Object {
          "backgroundColor": "transparent",
        },
        undefined,
      ]
    }
    testID={undefined}
    tvParallaxProperties={undefined}>
    <Image
      source={1}
      style={
        Object {
          "height": 60,
          "width": 60,
        }
      } />
  </View>
  <Text
    accessible={true}
    allowFontScaling={true}
    ellipsizeMode="tail"
    style={
      Array [
        Object {
          "color": "#fff",
          "fontFamily": "Raleway-SemiBold",
          "fontSize": 18,
          "marginLeft": 15,
        },
        Object {
          "fontSize": 36,
        },
      ]
    }>
    Formula One
  </Text>
</View>
`;
